Archive member included to satisfy reference by file (symbol)

c:/st/stm32cubeide_1.12.0/stm32cubeide/plugins/com.st.stm32cube.ide.mcu.externaltools.gnu-tools-for-stm32.10.3-2021.10.win32_1.0.200.202301161003/tools/bin/../lib/gcc/arm-none-eabi/10.3.1/../../../../arm-none-eabi/lib/thumb/v7e-m+fp/hard\libc_nano.a(lib_a-errno.o)
                              ./Core/Src/syscalls.o (__errno)
c:/st/stm32cubeide_1.12.0/stm32cubeide/plugins/com.st.stm32cube.ide.mcu.externaltools.gnu-tools-for-stm32.10.3-2021.10.win32_1.0.200.202301161003/tools/bin/../lib/gcc/arm-none-eabi/10.3.1/../../../../arm-none-eabi/lib/thumb/v7e-m+fp/hard\libc_nano.a(lib_a-exit.o)
                              c:/st/stm32cubeide_1.12.0/stm32cubeide/plugins/com.st.stm32cube.ide.mcu.externaltools.gnu-tools-for-stm32.10.3-2021.10.win32_1.0.200.202301161003/tools/bin/../lib/gcc/arm-none-eabi/10.3.1/../../../../arm-none-eabi/lib/thumb/v7e-m+fp/hard/crt0.o (exit)
c:/st/stm32cubeide_1.12.0/stm32cubeide/plugins/com.st.stm32cube.ide.mcu.externaltools.gnu-tools-for-stm32.10.3-2021.10.win32_1.0.200.202301161003/tools/bin/../lib/gcc/arm-none-eabi/10.3.1/../../../../arm-none-eabi/lib/thumb/v7e-m+fp/hard\libc_nano.a(lib_a-impure.o)
                              c:/st/stm32cubeide_1.12.0/stm32cubeide/plugins/com.st.stm32cube.ide.mcu.externaltools.gnu-tools-for-stm32.10.3-2021.10.win32_1.0.200.202301161003/tools/bin/../lib/gcc/arm-none-eabi/10.3.1/../../../../arm-none-eabi/lib/thumb/v7e-m+fp/hard\libc_nano.a(lib_a-exit.o) (_global_impure_ptr)
c:/st/stm32cubeide_1.12.0/stm32cubeide/plugins/com.st.stm32cube.ide.mcu.externaltools.gnu-tools-for-stm32.10.3-2021.10.win32_1.0.200.202301161003/tools/bin/../lib/gcc/arm-none-eabi/10.3.1/../../../../arm-none-eabi/lib/thumb/v7e-m+fp/hard\libc_nano.a(lib_a-init.o)
                              c:/st/stm32cubeide_1.12.0/stm32cubeide/plugins/com.st.stm32cube.ide.mcu.externaltools.gnu-tools-for-stm32.10.3-2021.10.win32_1.0.200.202301161003/tools/bin/../lib/gcc/arm-none-eabi/10.3.1/../../../../arm-none-eabi/lib/thumb/v7e-m+fp/hard/crt0.o (__libc_init_array)
c:/st/stm32cubeide_1.12.0/stm32cubeide/plugins/com.st.stm32cube.ide.mcu.externaltools.gnu-tools-for-stm32.10.3-2021.10.win32_1.0.200.202301161003/tools/bin/../lib/gcc/arm-none-eabi/10.3.1/../../../../arm-none-eabi/lib/thumb/v7e-m+fp/hard\libc_nano.a(lib_a-memset.o)
                              c:/st/stm32cubeide_1.12.0/stm32cubeide/plugins/com.st.stm32cube.ide.mcu.externaltools.gnu-tools-for-stm32.10.3-2021.10.win32_1.0.200.202301161003/tools/bin/../lib/gcc/arm-none-eabi/10.3.1/../../../../arm-none-eabi/lib/thumb/v7e-m+fp/hard/crt0.o (memset)
c:/st/stm32cubeide_1.12.0/stm32cubeide/plugins/com.st.stm32cube.ide.mcu.externaltools.gnu-tools-for-stm32.10.3-2021.10.win32_1.0.200.202301161003/tools/bin/../lib/gcc/arm-none-eabi/10.3.1/thumb/v7e-m+fp/hard\libgcc.a(_aeabi_uldivmod.o)
                              ./Drivers/STM32F4xx_HAL_Driver/Src/stm32f4xx_hal_rcc.o (__aeabi_uldivmod)
c:/st/stm32cubeide_1.12.0/stm32cubeide/plugins/com.st.stm32cube.ide.mcu.externaltools.gnu-tools-for-stm32.10.3-2021.10.win32_1.0.200.202301161003/tools/bin/../lib/gcc/arm-none-eabi/10.3.1/thumb/v7e-m+fp/hard\libgcc.a(_udivmoddi4.o)
                              c:/st/stm32cubeide_1.12.0/stm32cubeide/plugins/com.st.stm32cube.ide.mcu.externaltools.gnu-tools-for-stm32.10.3-2021.10.win32_1.0.200.202301161003/tools/bin/../lib/gcc/arm-none-eabi/10.3.1/thumb/v7e-m+fp/hard\libgcc.a(_aeabi_uldivmod.o) (__udivmoddi4)
c:/st/stm32cubeide_1.12.0/stm32cubeide/plugins/com.st.stm32cube.ide.mcu.externaltools.gnu-tools-for-stm32.10.3-2021.10.win32_1.0.200.202301161003/tools/bin/../lib/gcc/arm-none-eabi/10.3.1/thumb/v7e-m+fp/hard\libgcc.a(_dvmd_tls.o)
                              c:/st/stm32cubeide_1.12.0/stm32cubeide/plugins/com.st.stm32cube.ide.mcu.externaltools.gnu-tools-for-stm32.10.3-2021.10.win32_1.0.200.202301161003/tools/bin/../lib/gcc/arm-none-eabi/10.3.1/thumb/v7e-m+fp/hard\libgcc.a(_aeabi_uldivmod.o) (__aeabi_ldiv0)

Discarded input sections

 .text          0x0000000000000000        0x0 c:/st/stm32cubeide_1.12.0/stm32cubeide/plugins/com.st.stm32cube.ide.mcu.externaltools.gnu-tools-for-stm32.10.3-2021.10.win32_1.0.200.202301161003/tools/bin/../lib/gcc/arm-none-eabi/10.3.1/thumb/v7e-m+fp/hard/crti.o
 .data          0x0000000000000000        0x0 c:/st/stm32cubeide_1.12.0/stm32cubeide/plugins/com.st.stm32cube.ide.mcu.externaltools.gnu-tools-for-stm32.10.3-2021.10.win32_1.0.200.202301161003/tools/bin/../lib/gcc/arm-none-eabi/10.3.1/thumb/v7e-m+fp/hard/crti.o
 .bss           0x0000000000000000        0x0 c:/st/stm32cubeide_1.12.0/stm32cubeide/plugins/com.st.stm32cube.ide.mcu.externaltools.gnu-tools-for-stm32.10.3-2021.10.win32_1.0.200.202301161003/tools/bin/../lib/gcc/arm-none-eabi/10.3.1/thumb/v7e-m+fp/hard/crti.o
[...]
Memory Configuration

Name             Origin             Length             Attributes
RAM              0x0000000020000000 0x0000000000020000 xrw
FLASH            0x0000000008000000 0x0000000000080000 xr
*default*        0x0000000000000000 0xffffffffffffffff

Linker script and memory map

LOAD c:/st/stm32cubeide_1.12.0/stm32cubeide/plugins/com.st.stm32cube.ide.mcu.externaltools.gnu-tools-for-stm32.10.3-2021.10.win32_1.0.200.202301161003/tools/bin/../lib/gcc/arm-none-eabi/10.3.1/thumb/v7e-m+fp/hard/crti.o
LOAD c:/st/stm32cubeide_1.12.0/stm32cubeide/plugins/com.st.stm32cube.ide.mcu.externaltools.gnu-tools-for-stm32.10.3-2021.10.win32_1.0.200.202301161003/tools/bin/../lib/gcc/arm-none-eabi/10.3.1/thumb/v7e-m+fp/hard/crtbegin.o
LOAD c:/st/stm32cubeide_1.12.0/stm32cubeide/plugins/com.st.stm32cube.ide.mcu.externaltools.gnu-tools-for-stm32.10.3-2021.10.win32_1.0.200.202301161003/tools/bin/../lib/gcc/arm-none-eabi/10.3.1/../../../../arm-none-eabi/lib/thumb/v7e-m+fp/hard/crt0.o
LOAD ./Core/Src/main.o
LOAD ./Core/Src/stm32f4xx_hal_msp.o
LOAD ./Core/Src/stm32f4xx_it.o
LOAD ./Core/Src/syscalls.o
LOAD ./Core/Src/sysmem.o
LOAD ./Core/Src/system_stm32f4xx.o
LOAD ./Core/Startup/startup_stm32f411vetx.o
LOAD ./Drivers/STM32F4xx_HAL_Driver/Src/stm32f4xx_hal.o
LOAD ./Drivers/STM32F4xx_HAL_Driver/Src/stm32f4xx_hal_cortex.o
LOAD ./Drivers/STM32F4xx_HAL_Driver/Src/stm32f4xx_hal_dma.o
LOAD ./Drivers/STM32F4xx_HAL_Driver/Src/stm32f4xx_hal_dma_ex.o
LOAD ./Drivers/STM32F4xx_HAL_Driver/Src/stm32f4xx_hal_exti.o
LOAD ./Drivers/STM32F4xx_HAL_Driver/Src/stm32f4xx_hal_flash.o
LOAD ./Drivers/STM32F4xx_HAL_Driver/Src/stm32f4xx_hal_flash_ex.o
LOAD ./Drivers/STM32F4xx_HAL_Driver/Src/stm32f4xx_hal_flash_ramfunc.o
LOAD ./Drivers/STM32F4xx_HAL_Driver/Src/stm32f4xx_hal_gpio.o
LOAD ./Drivers/STM32F4xx_HAL_Driver/Src/stm32f4xx_hal_pwr.o
LOAD ./Drivers/STM32F4xx_HAL_Driver/Src/stm32f4xx_hal_pwr_ex.o
LOAD ./Drivers/STM32F4xx_HAL_Driver/Src/stm32f4xx_hal_rcc.o
LOAD ./Drivers/STM32F4xx_HAL_Driver/Src/stm32f4xx_hal_rcc_ex.o
LOAD ./Drivers/UserDrivers/Src/led.o
LOAD ./Drivers/UserDrivers/Src/variables.o
START GROUP
LOAD c:/st/stm32cubeide_1.12.0/stm32cubeide/plugins/com.st.stm32cube.ide.mcu.externaltools.gnu-tools-for-stm32.10.3-2021.10.win32_1.0.200.202301161003/tools/bin/../lib/gcc/arm-none-eabi/10.3.1/../../../../arm-none-eabi/lib/thumb/v7e-m+fp/hard\libc_nano.a
LOAD c:/st/stm32cubeide_1.12.0/stm32cubeide/plugins/com.st.stm32cube.ide.mcu.externaltools.gnu-tools-for-stm32.10.3-2021.10.win32_1.0.200.202301161003/tools/bin/../lib/gcc/arm-none-eabi/10.3.1/../../../../arm-none-eabi/lib/thumb/v7e-m+fp/hard\libm.a
END GROUP
START GROUP
LOAD c:/st/stm32cubeide_1.12.0/stm32cubeide/plugins/com.st.stm32cube.ide.mcu.externaltools.gnu-tools-for-stm32.10.3-2021.10.win32_1.0.200.202301161003/tools/bin/../lib/gcc/arm-none-eabi/10.3.1/thumb/v7e-m+fp/hard\libgcc.a
LOAD c:/st/stm32cubeide_1.12.0/stm32cubeide/plugins/com.st.stm32cube.ide.mcu.externaltools.gnu-tools-for-stm32.10.3-2021.10.win32_1.0.200.202301161003/tools/bin/../lib/gcc/arm-none-eabi/10.3.1/../../../../arm-none-eabi/lib/thumb/v7e-m+fp/hard\libc_nano.a
END GROUP
START GROUP
LOAD c:/st/stm32cubeide_1.12.0/stm32cubeide/plugins/com.st.stm32cube.ide.mcu.externaltools.gnu-tools-for-stm32.10.3-2021.10.win32_1.0.200.202301161003/tools/bin/../lib/gcc/arm-none-eabi/10.3.1/thumb/v7e-m+fp/hard\libgcc.a
LOAD c:/st/stm32cubeide_1.12.0/stm32cubeide/plugins/com.st.stm32cube.ide.mcu.externaltools.gnu-tools-for-stm32.10.3-2021.10.win32_1.0.200.202301161003/tools/bin/../lib/gcc/arm-none-eabi/10.3.1/../../../../arm-none-eabi/lib/thumb/v7e-m+fp/hard\libc_nano.a
LOAD c:/st/stm32cubeide_1.12.0/stm32cubeide/plugins/com.st.stm32cube.ide.mcu.externaltools.gnu-tools-for-stm32.10.3-2021.10.win32_1.0.200.202301161003/tools/bin/../lib/gcc/arm-none-eabi/10.3.1/../../../../arm-none-eabi/lib/thumb/v7e-m+fp/hard\libnosys.a
END GROUP
START GROUP
LOAD c:/st/stm32cubeide_1.12.0/stm32cubeide/plugins/com.st.stm32cube.ide.mcu.externaltools.gnu-tools-for-stm32.10.3-2021.10.win32_1.0.200.202301161003/tools/bin/../lib/gcc/arm-none-eabi/10.3.1/thumb/v7e-m+fp/hard\libgcc.a
LOAD c:/st/stm32cubeide_1.12.0/stm32cubeide/plugins/com.st.stm32cube.ide.mcu.externaltools.gnu-tools-for-stm32.10.3-2021.10.win32_1.0.200.202301161003/tools/bin/../lib/gcc/arm-none-eabi/10.3.1/../../../../arm-none-eabi/lib/thumb/v7e-m+fp/hard\libc_nano.a
LOAD c:/st/stm32cubeide_1.12.0/stm32cubeide/plugins/com.st.stm32cube.ide.mcu.externaltools.gnu-tools-for-stm32.10.3-2021.10.win32_1.0.200.202301161003/tools/bin/../lib/gcc/arm-none-eabi/10.3.1/../../../../arm-none-eabi/lib/thumb/v7e-m+fp/hard\libnosys.a
END GROUP
LOAD c:/st/stm32cubeide_1.12.0/stm32cubeide/plugins/com.st.stm32cube.ide.mcu.externaltools.gnu-tools-for-stm32.10.3-2021.10.win32_1.0.200.202301161003/tools/bin/../lib/gcc/arm-none-eabi/10.3.1/thumb/v7e-m+fp/hard/crtend.o
LOAD c:/st/stm32cubeide_1.12.0/stm32cubeide/plugins/com.st.stm32cube.ide.mcu.externaltools.gnu-tools-for-stm32.10.3-2021.10.win32_1.0.200.202301161003/tools/bin/../lib/gcc/arm-none-eabi/10.3.1/thumb/v7e-m+fp/hard/crtn.o
                0x0000000020020000                _estack = (ORIGIN (RAM) + LENGTH (RAM))
                0x0000000000000200                _Min_Heap_Size = 0x200
                0x0000000000000400                _Min_Stack_Size = 0x400

.isr_vector     0x0000000008000000      0x198
                0x0000000008000000                . = ALIGN (0x4)
 *(.isr_vector)
 .isr_vector    0x0000000008000000      0x198 ./Core/Startup/startup_stm32f411vetx.o
                0x0000000008000000                g_pfnVectors
                0x0000000008000198                . = ALIGN (0x4)

.text           0x0000000008000198     0x13c0
                0x0000000008000198                . = ALIGN (0x4)
 *(.text)
 .text          0x0000000008000198       0x40 c:/st/stm32cubeide_1.12.0/stm32cubeide/plugins/com.st.stm32cube.ide.mcu.externaltools.gnu-tools-for-stm32.10.3-2021.10.win32_1.0.200.202301161003/tools/bin/../lib/gcc/arm-none-eabi/10.3.1/thumb/v7e-m+fp/hard/crtbegin.o
 .text          0x00000000080001d8       0x30 c:/st/stm32cubeide_1.12.0/stm32cubeide/plugins/com.st.stm32cube.ide.mcu.externaltools.gnu-tools-for-stm32.10.3-2021.10.win32_1.0.200.202301161003/tools/bin/../lib/gcc/arm-none-eabi/10.3.1/thumb/v7e-m+fp/hard\libgcc.a(_aeabi_uldivmod.o)
                0x00000000080001d8                __aeabi_uldivmod
 .text          0x0000000008000208      0x2d0 c:/st/stm32cubeide_1.12.0/stm32cubeide/plugins/com.st.stm32cube.ide.mcu.externaltools.gnu-tools-for-stm32.10.3-2021.10.win32_1.0.200.202301161003/tools/bin/../lib/gcc/arm-none-eabi/10.3.1/thumb/v7e-m+fp/hard\libgcc.a(_udivmoddi4.o)
                0x0000000008000208                __udivmoddi4
 .text          0x00000000080004d8        0x4 c:/st/stm32cubeide_1.12.0/stm32cubeide/plugins/com.st.stm32cube.ide.mcu.externaltools.gnu-tools-for-stm32.10.3-2021.10.win32_1.0.200.202301161003/tools/bin/../lib/gcc/arm-none-eabi/10.3.1/thumb/v7e-m+fp/hard\libgcc.a(_dvmd_tls.o)
                0x00000000080004d8                __aeabi_idiv0
                0x00000000080004d8                __aeabi_ldiv0
 *(.text*)
 .text.delay    0x00000000080004dc       0x22 ./Core/Src/main.o
                0x00000000080004dc                delay
 *fill*         0x00000000080004fe        0x2 
 .text.EXTI0_IRQHandler
                0x0000000008000500       0x6c ./Core/Src/main.o
                0x0000000008000500                EXTI0_IRQHandler
 .text.main     0x000000000800056c       0x44 ./Core/Src/main.o
                0x000000000800056c                main
 .text.select1  0x00000000080005b0       0x18 ./Core/Src/main.o
                0x00000000080005b0                select1
 .text.SystemClock_Config
                0x00000000080005c8       0xd4 ./Core/Src/main.o
                0x00000000080005c8                SystemClock_Config
 .text.Error_Handler
                0x000000000800069c        0xa ./Core/Src/main.o
                0x000000000800069c                Error_Handler
 *fill*         0x00000000080006a6        0x2 
 .text.HAL_MspInit
                0x00000000080006a8       0x50 ./Core/Src/stm32f4xx_hal_msp.o
                0x00000000080006a8                HAL_MspInit
 .text.NMI_Handler
                0x00000000080006f8        0x6 ./Core/Src/stm32f4xx_it.o
                0x00000000080006f8                NMI_Handler
 .text.HardFault_Handler
                0x00000000080006fe        0x6 ./Core/Src/stm32f4xx_it.o
                0x00000000080006fe                HardFault_Handler
 .text.MemManage_Handler
                0x0000000008000704        0x6 ./Core/Src/stm32f4xx_it.o
                0x0000000008000704                MemManage_Handler
 .text.BusFault_Handler
                0x000000000800070a        0x6 ./Core/Src/stm32f4xx_it.o
                0x000000000800070a                BusFault_Handler
 .text.UsageFault_Handler
                0x0000000008000710        0x6 ./Core/Src/stm32f4xx_it.o
                0x0000000008000710                UsageFault_Handler
 .text.SVC_Handler
                0x0000000008000716        0xe ./Core/Src/stm32f4xx_it.o
                0x0000000008000716                SVC_Handler
 .text.DebugMon_Handler
                0x0000000008000724        0xe ./Core/Src/stm32f4xx_it.o
                0x0000000008000724                DebugMon_Handler
 .text.PendSV_Handler
                0x0000000008000732        0xe ./Core/Src/stm32f4xx_it.o
                0x0000000008000732                PendSV_Handler
 .text.SysTick_Handler
                0x0000000008000740        0xc ./Core/Src/stm32f4xx_it.o
                0x0000000008000740                SysTick_Handler
 .text.SystemInit
                0x000000000800074c       0x24 ./Core/Src/system_stm32f4xx.o
                0x000000000800074c                SystemInit
 .text.Reset_Handler
                0x0000000008000770       0x50 ./Core/Startup/startup_stm32f411vetx.o
                0x0000000008000770                Reset_Handler
 .text.Default_Handler
                0x00000000080007c0        0x2 ./Core/Startup/startup_stm32f411vetx.o
                0x00000000080007c0                RTC_Alarm_IRQHandler
                0x00000000080007c0                EXTI2_IRQHandler
                0x00000000080007c0                SPI4_IRQHandler
                0x00000000080007c0                TIM1_CC_IRQHandler
                0x00000000080007c0                DMA2_Stream5_IRQHandler
                0x00000000080007c0                DMA1_Stream5_IRQHandler
                0x00000000080007c0                PVD_IRQHandler
                0x00000000080007c0                SDIO_IRQHandler
                0x00000000080007c0                TAMP_STAMP_IRQHandler
                0x00000000080007c0                EXTI3_IRQHandler
                0x00000000080007c0                TIM1_UP_TIM10_IRQHandler
                0x00000000080007c0                I2C3_ER_IRQHandler
                0x00000000080007c0                I2C2_EV_IRQHandler
                0x00000000080007c0                DMA1_Stream2_IRQHandler
                0x00000000080007c0                FPU_IRQHandler
                0x00000000080007c0                DMA2_Stream2_IRQHandler
                0x00000000080007c0                SPI1_IRQHandler
                0x00000000080007c0                TIM1_BRK_TIM9_IRQHandler
                0x00000000080007c0                DMA2_Stream3_IRQHandler
                0x00000000080007c0                USART6_IRQHandler
                0x00000000080007c0                DMA2_Stream0_IRQHandler
                0x00000000080007c0                TIM4_IRQHandler
                0x00000000080007c0                I2C1_EV_IRQHandler
                0x00000000080007c0                DMA1_Stream6_IRQHandler
                0x00000000080007c0                DMA1_Stream1_IRQHandler
                0x00000000080007c0                TIM3_IRQHandler
                0x00000000080007c0                RCC_IRQHandler
                0x00000000080007c0                Default_Handler
                0x00000000080007c0                EXTI15_10_IRQHandler
                0x00000000080007c0                ADC_IRQHandler
                0x00000000080007c0                DMA1_Stream7_IRQHandler
                0x00000000080007c0                SPI5_IRQHandler
                0x00000000080007c0                TIM5_IRQHandler
                0x00000000080007c0                DMA2_Stream7_IRQHandler
                0x00000000080007c0                I2C3_EV_IRQHandler
                0x00000000080007c0                EXTI9_5_IRQHandler
                0x00000000080007c0                RTC_WKUP_IRQHandler
                0x00000000080007c0                SPI2_IRQHandler
                0x00000000080007c0                DMA1_Stream0_IRQHandler
                0x00000000080007c0                EXTI4_IRQHandler
                0x00000000080007c0                WWDG_IRQHandler
                0x00000000080007c0                TIM2_IRQHandler
                0x00000000080007c0                OTG_FS_WKUP_IRQHandler
                0x00000000080007c0                TIM1_TRG_COM_TIM11_IRQHandler
                0x00000000080007c0                EXTI1_IRQHandler
                0x00000000080007c0                USART2_IRQHandler
                0x00000000080007c0                I2C2_ER_IRQHandler
                0x00000000080007c0                DMA2_Stream1_IRQHandler
                0x00000000080007c0                FLASH_IRQHandler
                0x00000000080007c0                DMA2_Stream4_IRQHandler
                0x00000000080007c0                USART1_IRQHandler
                0x00000000080007c0                OTG_FS_IRQHandler
                0x00000000080007c0                SPI3_IRQHandler
                0x00000000080007c0                DMA1_Stream4_IRQHandler
                0x00000000080007c0                I2C1_ER_IRQHandler
                0x00000000080007c0                DMA2_Stream6_IRQHandler
                0x00000000080007c0                DMA1_Stream3_IRQHandler
 *fill*         0x00000000080007c2        0x2 
 .text.HAL_Init
                0x00000000080007c4       0x44 ./Drivers/STM32F4xx_HAL_Driver/Src/stm32f4xx_hal.o
                0x00000000080007c4                HAL_Init
 .text.HAL_InitTick
                0x0000000008000808       0x60 ./Drivers/STM32F4xx_HAL_Driver/Src/stm32f4xx_hal.o
                0x0000000008000808                HAL_InitTick
 .text.HAL_IncTick
                0x0000000008000868       0x28 ./Drivers/STM32F4xx_HAL_Driver/Src/stm32f4xx_hal.o
                0x0000000008000868                HAL_IncTick
 .text.HAL_GetTick
                0x0000000008000890       0x18 ./Drivers/STM32F4xx_HAL_Driver/Src/stm32f4xx_hal.o
                0x0000000008000890                HAL_GetTick
 .text.__NVIC_SetPriorityGrouping
                0x00000000080008a8       0x48 ./Drivers/STM32F4xx_HAL_Driver/Src/stm32f4xx_hal_cortex.o
 .text.__NVIC_GetPriorityGrouping
                0x00000000080008f0       0x1c ./Drivers/STM32F4xx_HAL_Driver/Src/stm32f4xx_hal_cortex.o
 .text.__NVIC_SetPriority
                0x000000000800090c       0x54 ./Drivers/STM32F4xx_HAL_Driver/Src/stm32f4xx_hal_cortex.o
 .text.NVIC_EncodePriority
                0x0000000008000960       0x66 ./Drivers/STM32F4xx_HAL_Driver/Src/stm32f4xx_hal_cortex.o
 *fill*         0x00000000080009c6        0x2 
 .text.SysTick_Config
                0x00000000080009c8       0x44 ./Drivers/STM32F4xx_HAL_Driver/Src/stm32f4xx_hal_cortex.o
 .text.HAL_NVIC_SetPriorityGrouping
                0x0000000008000a0c       0x16 ./Drivers/STM32F4xx_HAL_Driver/Src/stm32f4xx_hal_cortex.o
                0x0000000008000a0c                HAL_NVIC_SetPriorityGrouping
 .text.HAL_NVIC_SetPriority
                0x0000000008000a22       0x38 ./Drivers/STM32F4xx_HAL_Driver/Src/stm32f4xx_hal_cortex.o
                0x0000000008000a22                HAL_NVIC_SetPriority
 .text.HAL_SYSTICK_Config
                0x0000000008000a5a       0x18 ./Drivers/STM32F4xx_HAL_Driver/Src/stm32f4xx_hal_cortex.o
                0x0000000008000a5a                HAL_SYSTICK_Config
 *fill*         0x0000000008000a72        0x2 
 .text.HAL_RCC_OscConfig
                0x0000000008000a74      0x4f0 ./Drivers/STM32F4xx_HAL_Driver/Src/stm32f4xx_hal_rcc.o
                0x0000000008000a74                HAL_RCC_OscConfig
 .text.HAL_RCC_ClockConfig
                0x0000000008000f64      0x1cc ./Drivers/STM32F4xx_HAL_Driver/Src/stm32f4xx_hal_rcc.o
                0x0000000008000f64                HAL_RCC_ClockConfig
 .text.HAL_RCC_GetSysClockFreq
                0x0000000008001130      0x20c ./Drivers/STM32F4xx_HAL_Driver/Src/stm32f4xx_hal_rcc.o
                0x0000000008001130                HAL_RCC_GetSysClockFreq
 .text.__NVIC_EnableIRQ
                0x000000000800133c       0x3c ./Drivers/UserDrivers/Src/led.o
 .text.__NVIC_SetPriority
                0x0000000008001378       0x54 ./Drivers/UserDrivers/Src/led.o
 .text.led_init
                0x00000000080013cc       0x78 ./Drivers/UserDrivers/Src/led.o
                0x00000000080013cc                led_init
 .text.button_init
                0x0000000008001444       0x54 ./Drivers/UserDrivers/Src/led.o
                0x0000000008001444                button_init
 .text.exti_init
                0x0000000008001498       0x50 ./Drivers/UserDrivers/Src/led.o
                0x0000000008001498                exti_init
 .text.__libc_init_array
                0x00000000080014e8       0x48 c:/st/stm32cubeide_1.12.0/stm32cubeide/plugins/com.st.stm32cube.ide.mcu.externaltools.gnu-tools-for-stm32.10.3-2021.10.win32_1.0.200.202301161003/tools/bin/../lib/gcc/arm-none-eabi/10.3.1/../../../../arm-none-eabi/lib/thumb/v7e-m+fp/hard\libc_nano.a(lib_a-init.o)
                0x00000000080014e8                __libc_init_array
 .text.memset   0x0000000008001530       0x10 c:/st/stm32cubeide_1.12.0/stm32cubeide/plugins/com.st.stm32cube.ide.mcu.externaltools.gnu-tools-for-stm32.10.3-2021.10.win32_1.0.200.202301161003/tools/bin/../lib/gcc/arm-none-eabi/10.3.1/../../../../arm-none-eabi/lib/thumb/v7e-m+fp/hard\libc_nano.a(lib_a-memset.o)
                0x0000000008001530                memset
 *(.glue_7)
 .glue_7        0x0000000008001540        0x0 linker stubs
 *(.glue_7t)
 .glue_7t       0x0000000008001540        0x0 linker stubs
 *(.eh_frame)
 .eh_frame      0x0000000008001540        0x0 c:/st/stm32cubeide_1.12.0/stm32cubeide/plugins/com.st.stm32cube.ide.mcu.externaltools.gnu-tools-for-stm32.10.3-2021.10.win32_1.0.200.202301161003/tools/bin/../lib/gcc/arm-none-eabi/10.3.1/thumb/v7e-m+fp/hard/crtbegin.o
 *(.init)
 .init          0x0000000008001540        0x4 c:/st/stm32cubeide_1.12.0/stm32cubeide/plugins/com.st.stm32cube.ide.mcu.externaltools.gnu-tools-for-stm32.10.3-2021.10.win32_1.0.200.202301161003/tools/bin/../lib/gcc/arm-none-eabi/10.3.1/thumb/v7e-m+fp/hard/crti.o
                0x0000000008001540                _init
 .init          0x0000000008001544        0x8 c:/st/stm32cubeide_1.12.0/stm32cubeide/plugins/com.st.stm32cube.ide.mcu.externaltools.gnu-tools-for-stm32.10.3-2021.10.win32_1.0.200.202301161003/tools/bin/../lib/gcc/arm-none-eabi/10.3.1/thumb/v7e-m+fp/hard/crtn.o
 *(.fini)
 .fini          0x000000000800154c        0x4 c:/st/stm32cubeide_1.12.0/stm32cubeide/plugins/com.st.stm32cube.ide.mcu.externaltools.gnu-tools-for-stm32.10.3-2021.10.win32_1.0.200.202301161003/tools/bin/../lib/gcc/arm-none-eabi/10.3.1/thumb/v7e-m+fp/hard/crti.o
                0x000000000800154c                _fini
 .fini          0x0000000008001550        0x8 c:/st/stm32cubeide_1.12.0/stm32cubeide/plugins/com.st.stm32cube.ide.mcu.externaltools.gnu-tools-for-stm32.10.3-2021.10.win32_1.0.200.202301161003/tools/bin/../lib/gcc/arm-none-eabi/10.3.1/thumb/v7e-m+fp/hard/crtn.o
                0x0000000008001558                . = ALIGN (0x4)
                0x0000000008001558                _etext = .

.vfp11_veneer   0x0000000008001558        0x0
 .vfp11_veneer  0x0000000008001558        0x0 linker stubs

.v4_bx          0x0000000008001558        0x0
 .v4_bx         0x0000000008001558        0x0 linker stubs

.iplt           0x0000000008001558        0x0
 .iplt          0x0000000008001558        0x0 c:/st/stm32cubeide_1.12.0/stm32cubeide/plugins/com.st.stm32cube.ide.mcu.externaltools.gnu-tools-for-stm32.10.3-2021.10.win32_1.0.200.202301161003/tools/bin/../lib/gcc/arm-none-eabi/10.3.1/thumb/v7e-m+fp/hard/crtbegin.o

.rodata         0x0000000008001558       0x10
                0x0000000008001558                . = ALIGN (0x4)
 *(.rodata)
 *(.rodata*)
 .rodata.AHBPrescTable
                0x0000000008001558       0x10 ./Core/Src/system_stm32f4xx.o
                0x0000000008001558                AHBPrescTable
                0x0000000008001568                . = ALIGN (0x4)

.ARM.extab      0x0000000008001568        0x0
                0x0000000008001568                . = ALIGN (0x4)
 *(.ARM.extab* .gnu.linkonce.armextab.*)
                0x0000000008001568                . = ALIGN (0x4)

.ARM            0x0000000008001568        0x8
                0x0000000008001568                . = ALIGN (0x4)
                0x0000000008001568                __exidx_start = .
 *(.ARM.exidx*)
 .ARM.exidx     0x0000000008001568        0x8 c:/st/stm32cubeide_1.12.0/stm32cubeide/plugins/com.st.stm32cube.ide.mcu.externaltools.gnu-tools-for-stm32.10.3-2021.10.win32_1.0.200.202301161003/tools/bin/../lib/gcc/arm-none-eabi/10.3.1/thumb/v7e-m+fp/hard\libgcc.a(_udivmoddi4.o)
                0x0000000008001570                __exidx_end = .
                0x0000000008001570                . = ALIGN (0x4)

.rel.dyn        0x0000000008001570        0x0
 .rel.iplt      0x0000000008001570        0x0 c:/st/stm32cubeide_1.12.0/stm32cubeide/plugins/com.st.stm32cube.ide.mcu.externaltools.gnu-tools-for-stm32.10.3-2021.10.win32_1.0.200.202301161003/tools/bin/../lib/gcc/arm-none-eabi/10.3.1/thumb/v7e-m+fp/hard/crtbegin.o

.preinit_array  0x0000000008001570        0x0
                0x0000000008001570                . = ALIGN (0x4)
                0x0000000008001570                PROVIDE (__preinit_array_start = .)
 *(.preinit_array*)
                0x0000000008001570                PROVIDE (__preinit_array_end = .)
                0x0000000008001570                . = ALIGN (0x4)

.init_array     0x0000000008001570        0x4
                0x0000000008001570                . = ALIGN (0x4)
                0x0000000008001570                PROVIDE (__init_array_start = .)
 *(SORT_BY_NAME(.init_array.*))
 *(.init_array*)
 .init_array    0x0000000008001570        0x4 c:/st/stm32cubeide_1.12.0/stm32cubeide/plugins/com.st.stm32cube.ide.mcu.externaltools.gnu-tools-for-stm32.10.3-2021.10.win32_1.0.200.202301161003/tools/bin/../lib/gcc/arm-none-eabi/10.3.1/thumb/v7e-m+fp/hard/crtbegin.o
                0x0000000008001574                PROVIDE (__init_array_end = .)
                0x0000000008001574                . = ALIGN (0x4)

.fini_array     0x0000000008001574        0x4
                0x0000000008001574                . = ALIGN (0x4)
                [!provide]                        PROVIDE (__fini_array_start = .)
 *(SORT_BY_NAME(.fini_array.*))
 *(.fini_array*)
 .fini_array    0x0000000008001574        0x4 c:/st/stm32cubeide_1.12.0/stm32cubeide/plugins/com.st.stm32cube.ide.mcu.externaltools.gnu-tools-for-stm32.10.3-2021.10.win32_1.0.200.202301161003/tools/bin/../lib/gcc/arm-none-eabi/10.3.1/thumb/v7e-m+fp/hard/crtbegin.o
                [!provide]                        PROVIDE (__fini_array_end = .)
                0x0000000008001578                . = ALIGN (0x4)
                0x0000000008001578                _sidata = LOADADDR (.data)

.data           0x0000000020000000       0x10 load address 0x0000000008001578
                0x0000000020000000                . = ALIGN (0x4)
                0x0000000020000000                _sdata = .
 *(.data)
 *(.data*)
 .data.SystemCoreClock
                0x0000000020000000        0x4 ./Core/Src/system_stm32f4xx.o
                0x0000000020000000                SystemCoreClock
 .data.uwTickPrio
                0x0000000020000004        0x4 ./Drivers/STM32F4xx_HAL_Driver/Src/stm32f4xx_hal.o
                0x0000000020000004                uwTickPrio
 .data.uwTickFreq
                0x0000000020000008        0x1 ./Drivers/STM32F4xx_HAL_Driver/Src/stm32f4xx_hal.o
                0x0000000020000008                uwTickFreq
 *fill*         0x0000000020000009        0x3 
 .data.no       0x000000002000000c        0x4 ./Drivers/UserDrivers/Src/variables.o
                0x000000002000000c                no
 *(.RamFunc)
 *(.RamFunc*)
                0x0000000020000010                . = ALIGN (0x4)
                0x0000000020000010                _edata = .

.igot.plt       0x0000000020000010        0x0 load address 0x0000000008001588
 .igot.plt      0x0000000020000010        0x0 c:/st/stm32cubeide_1.12.0/stm32cubeide/plugins/com.st.stm32cube.ide.mcu.externaltools.gnu-tools-for-stm32.10.3-2021.10.win32_1.0.200.202301161003/tools/bin/../lib/gcc/arm-none-eabi/10.3.1/thumb/v7e-m+fp/hard/crtbegin.o
                0x0000000020000010                . = ALIGN (0x4)

.bss            0x0000000020000010       0x28 load address 0x0000000008001588
                0x0000000020000010                _sbss = .
                0x0000000020000010                __bss_start__ = _sbss
 *(.bss)
 .bss           0x0000000020000010       0x1c c:/st/stm32cubeide_1.12.0/stm32cubeide/plugins/com.st.stm32cube.ide.mcu.externaltools.gnu-tools-for-stm32.10.3-2021.10.win32_1.0.200.202301161003/tools/bin/../lib/gcc/arm-none-eabi/10.3.1/thumb/v7e-m+fp/hard/crtbegin.o
 *(.bss*)
 .bss.flag      0x000000002000002c        0x4 ./Core/Src/main.o
                0x000000002000002c                flag
 .bss.count1    0x0000000020000030        0x4 ./Core/Src/main.o
                0x0000000020000030                count1
 .bss.uwTick    0x0000000020000034        0x4 ./Drivers/STM32F4xx_HAL_Driver/Src/stm32f4xx_hal.o
                0x0000000020000034                uwTick
 *(COMMON)
                0x0000000020000038                . = ALIGN (0x4)
                0x0000000020000038                _ebss = .
                0x0000000020000038                __bss_end__ = _ebss

._user_heap_stack
                0x0000000020000038      0x600 load address 0x0000000008001588
                0x0000000020000038                . = ALIGN (0x8)
                [!provide]                        PROVIDE (end = .)
                0x0000000020000038                PROVIDE (_end = .)
                0x0000000020000238                . = (. + _Min_Heap_Size)
 *fill*         0x0000000020000038      0x200 
                0x0000000020000638                . = (. + _Min_Stack_Size)
 *fill*         0x0000000020000238      0x400 
                0x0000000020000638                . = ALIGN (0x8)

/DISCARD/
 libc.a(*)
 libm.a(*)
 libgcc.a(*)

.ARM.attributes
                0x0000000000000000       0x30
 *(.ARM.attributes)
 .ARM.attributes
                0x0000000000000000       0x1e c:/st/stm32cubeide_1.12.0/stm32cubeide/plugins/com.st.stm32cube.ide.mcu.externaltools.gnu-tools-for-stm32.10.3-2021.10.win32_1.0.200.202301161003/tools/bin/../lib/gcc/arm-none-eabi/10.3.1/thumb/v7e-m+fp/hard/crti.o
 .ARM.attributes
                0x000000000000001e       0x34 c:/st/stm32cubeide_1.12.0/stm32cubeide/plugins/com.st.stm32cube.ide.mcu.externaltools.gnu-tools-for-stm32.10.3-2021.10.win32_1.0.200.202301161003/tools/bin/../lib/gcc/arm-none-eabi/10.3.1/thumb/v7e-m+fp/hard/crtbegin.o
 .ARM.attributes
                0x0000000000000052       0x34 ./Core/Src/main.o
 .ARM.attributes
                0x0000000000000086       0x34 ./Core/Src/stm32f4xx_hal_msp.o
 .ARM.attributes
                0x00000000000000ba       0x34 ./Core/Src/stm32f4xx_it.o
 .ARM.attributes
                0x00000000000000ee       0x34 ./Core/Src/system_stm32f4xx.o
 .ARM.attributes
                0x0000000000000122       0x21 ./Core/Startup/startup_stm32f411vetx.o
 .ARM.attributes
                0x0000000000000143       0x34 ./Drivers/STM32F4xx_HAL_Driver/Src/stm32f4xx_hal.o
 .ARM.attributes
                0x0000000000000177       0x34 ./Drivers/STM32F4xx_HAL_Driver/Src/stm32f4xx_hal_cortex.o
 .ARM.attributes
                0x00000000000001ab       0x34 ./Drivers/STM32F4xx_HAL_Driver/Src/stm32f4xx_hal_rcc.o
 .ARM.attributes
                0x00000000000001df       0x34 ./Drivers/UserDrivers/Src/led.o
 .ARM.attributes
                0x0000000000000213       0x34 ./Drivers/UserDrivers/Src/variables.o
 .ARM.attributes
                0x0000000000000247       0x34 c:/st/stm32cubeide_1.12.0/stm32cubeide/plugins/com.st.stm32cube.ide.mcu.externaltools.gnu-tools-for-stm32.10.3-2021.10.win32_1.0.200.202301161003/tools/bin/../lib/gcc/arm-none-eabi/10.3.1/../../../../arm-none-eabi/lib/thumb/v7e-m+fp/hard\libc_nano.a(lib_a-init.o)
 .ARM.attributes
                0x000000000000027b       0x34 c:/st/stm32cubeide_1.12.0/stm32cubeide/plugins/com.st.stm32cube.ide.mcu.externaltools.gnu-tools-for-stm32.10.3-2021.10.win32_1.0.200.202301161003/tools/bin/../lib/gcc/arm-none-eabi/10.3.1/../../../../arm-none-eabi/lib/thumb/v7e-m+fp/hard\libc_nano.a(lib_a-memset.o)
 .ARM.attributes
                0x00000000000002af       0x1e c:/st/stm32cubeide_1.12.0/stm32cubeide/plugins/com.st.stm32cube.ide.mcu.externaltools.gnu-tools-for-stm32.10.3-2021.10.win32_1.0.200.202301161003/tools/bin/../lib/gcc/arm-none-eabi/10.3.1/thumb/v7e-m+fp/hard\libgcc.a(_aeabi_uldivmod.o)
 .ARM.attributes
                0x00000000000002cd       0x34 c:/st/stm32cubeide_1.12.0/stm32cubeide/plugins/com.st.stm32cube.ide.mcu.externaltools.gnu-tools-for-stm32.10.3-2021.10.win32_1.0.200.202301161003/tools/bin/../lib/gcc/arm-none-eabi/10.3.1/thumb/v7e-m+fp/hard\libgcc.a(_udivmoddi4.o)
 .ARM.attributes
                0x0000000000000301       0x1e c:/st/stm32cubeide_1.12.0/stm32cubeide/plugins/com.st.stm32cube.ide.mcu.externaltools.gnu-tools-for-stm32.10.3-2021.10.win32_1.0.200.202301161003/tools/bin/../lib/gcc/arm-none-eabi/10.3.1/thumb/v7e-m+fp/hard\libgcc.a(_dvmd_tls.o)
 .ARM.attributes
                0x000000000000031f       0x1e c:/st/stm32cubeide_1.12.0/stm32cubeide/plugins/com.st.stm32cube.ide.mcu.externaltools.gnu-tools-for-stm32.10.3-2021.10.win32_1.0.200.202301161003/tools/bin/../lib/gcc/arm-none-eabi/10.3.1/thumb/v7e-m+fp/hard/crtn.o
OUTPUT(411_Button_Led.elf elf32-littlearm)
LOAD linker stubs
LOAD c:/st/stm32cubeide_1.12.0/stm32cubeide/plugins/com.st.stm32cube.ide.mcu.externaltools.gnu-tools-for-stm32.10.3-2021.10.win32_1.0.200.202301161003/tools/bin/../lib/gcc/arm-none-eabi/10.3.1/../../../../arm-none-eabi/lib/thumb/v7e-m+fp/hard\libc.a
LOAD c:/st/stm32cubeide_1.12.0/stm32cubeide/plugins/com.st.stm32cube.ide.mcu.externaltools.gnu-tools-for-stm32.10.3-2021.10.win32_1.0.200.202301161003/tools/bin/../lib/gcc/arm-none-eabi/10.3.1/../../../../arm-none-eabi/lib/thumb/v7e-m+fp/hard\libm.a
LOAD c:/st/stm32cubeide_1.12.0/stm32cubeide/plugins/com.st.stm32cube.ide.mcu.externaltools.gnu-tools-for-stm32.10.3-2021.10.win32_1.0.200.202301161003/tools/bin/../lib/gcc/arm-none-eabi/10.3.1/thumb/v7e-m+fp/hard\libgcc.a

.debug_info     0x0000000000000000     0x3c95
 .debug_info    0x0000000000000000      0x8aa ./Core/Src/main.o
 .debug_info    0x00000000000008aa      0x2e7 ./Core/Src/stm32f4xx_hal_msp.o
 .debug_info    0x0000000000000b91      0x121 ./Core/Src/stm32f4xx_it.o
 .debug_info    0x0000000000000cb2      0x54f ./Core/Src/system_stm32f4xx.o
 .debug_info    0x0000000000001201       0x22 ./Core/Startup/startup_stm32f411vetx.o
 .debug_info    0x0000000000001223      0x90d ./Drivers/STM32F4xx_HAL_Driver/Src/stm32f4xx_hal.o
 .debug_info    0x0000000000001b30      0xd8b ./Drivers/STM32F4xx_HAL_Driver/Src/stm32f4xx_hal_cortex.o
 .debug_info    0x00000000000028bb      0x98d ./Drivers/STM32F4xx_HAL_Driver/Src/stm32f4xx_hal_rcc.o
 .debug_info    0x0000000000003248      0x980 ./Drivers/UserDrivers/Src/led.o
 .debug_info    0x0000000000003bc8       0xcd ./Drivers/UserDrivers/Src/variables.o

.debug_abbrev   0x0000000000000000      0xf61
 .debug_abbrev  0x0000000000000000      0x29c ./Core/Src/main.o
 .debug_abbrev  0x000000000000029c       0xf0 ./Core/Src/stm32f4xx_hal_msp.o
 .debug_abbrev  0x000000000000038c       0x74 ./Core/Src/stm32f4xx_it.o
 .debug_abbrev  0x0000000000000400      0x116 ./Core/Src/system_stm32f4xx.o
 .debug_abbrev  0x0000000000000516       0x12 ./Core/Startup/startup_stm32f411vetx.o
 .debug_abbrev  0x0000000000000528      0x23e ./Drivers/STM32F4xx_HAL_Driver/Src/stm32f4xx_hal.o
 .debug_abbrev  0x0000000000000766      0x316 ./Drivers/STM32F4xx_HAL_Driver/Src/stm32f4xx_hal_cortex.o
 .debug_abbrev  0x0000000000000a7c      0x2aa ./Drivers/STM32F4xx_HAL_Driver/Src/stm32f4xx_hal_rcc.o
 .debug_abbrev  0x0000000000000d26      0x1bf ./Drivers/UserDrivers/Src/led.o
 .debug_abbrev  0x0000000000000ee5       0x7c ./Drivers/UserDrivers/Src/variables.o

.debug_aranges  0x0000000000000000      0x418
 .debug_aranges
                0x0000000000000000       0x50 ./Core/Src/main.o
 .debug_aranges
                0x0000000000000050       0x20 ./Core/Src/stm32f4xx_hal_msp.o
 .debug_aranges
                0x0000000000000070       0x60 ./Core/Src/stm32f4xx_it.o
 .debug_aranges
                0x00000000000000d0       0x28 ./Core/Src/system_stm32f4xx.o
 .debug_aranges
                0x00000000000000f8       0x28 ./Core/Startup/startup_stm32f411vetx.o
 .debug_aranges
                0x0000000000000120       0xf0 ./Drivers/STM32F4xx_HAL_Driver/Src/stm32f4xx_hal.o
 .debug_aranges
                0x0000000000000210      0x118 ./Drivers/STM32F4xx_HAL_Driver/Src/stm32f4xx_hal_cortex.o
 .debug_aranges
                0x0000000000000328       0x88 ./Drivers/STM32F4xx_HAL_Driver/Src/stm32f4xx_hal_rcc.o
 .debug_aranges
                0x00000000000003b0       0x48 ./Drivers/UserDrivers/Src/led.o
 .debug_aranges
                0x00000000000003f8       0x20 ./Drivers/UserDrivers/Src/variables.o

.debug_ranges   0x0000000000000000      0x380
 .debug_ranges  0x0000000000000000       0x40 ./Core/Src/main.o
 .debug_ranges  0x0000000000000040       0x10 ./Core/Src/stm32f4xx_hal_msp.o
 .debug_ranges  0x0000000000000050       0x50 ./Core/Src/stm32f4xx_it.o
 .debug_ranges  0x00000000000000a0       0x18 ./Core/Src/system_stm32f4xx.o
 .debug_ranges  0x00000000000000b8       0x20 ./Core/Startup/startup_stm32f411vetx.o
 .debug_ranges  0x00000000000000d8       0xe0 ./Drivers/STM32F4xx_HAL_Driver/Src/stm32f4xx_hal.o
 .debug_ranges  0x00000000000001b8      0x108 ./Drivers/STM32F4xx_HAL_Driver/Src/stm32f4xx_hal_cortex.o
 .debug_ranges  0x00000000000002c0       0x78 ./Drivers/STM32F4xx_HAL_Driver/Src/stm32f4xx_hal_rcc.o
 .debug_ranges  0x0000000000000338       0x38 ./Drivers/UserDrivers/Src/led.o
 .debug_ranges  0x0000000000000370       0x10 ./Drivers/UserDrivers/Src/variables.o

.debug_macro    0x0000000000000000    0x1541b
 .debug_macro   0x0000000000000000      0x33b ./Core/Src/main.o
 .debug_macro   0x000000000000033b      0xa78 ./Core/Src/main.o
 .debug_macro   0x0000000000000db3      0x28f ./Core/Src/main.o
 .debug_macro   0x0000000000001042       0x2e ./Core/Src/main.o
 .debug_macro   0x0000000000001070       0x28 ./Core/Src/main.o
 .debug_macro   0x0000000000001098       0x22 ./Core/Src/main.o
 .debug_macro   0x00000000000010ba       0x8e ./Core/Src/main.o
 .debug_macro   0x0000000000001148       0x51 ./Core/Src/main.o
 .debug_macro   0x0000000000001199      0x103 ./Core/Src/main.o
 .debug_macro   0x000000000000129c       0x6a ./Core/Src/main.o
 .debug_macro   0x0000000000001306      0x1df ./Core/Src/main.o
 .debug_macro   0x00000000000014e5       0x1c ./Core/Src/main.o
 .debug_macro   0x0000000000001501       0x22 ./Core/Src/main.o
 .debug_macro   0x0000000000001523       0xd9 ./Core/Src/main.o
 .debug_macro   0x00000000000015fc     0x102d ./Core/Src/main.o
 .debug_macro   0x0000000000002629      0x11f ./Core/Src/main.o
 .debug_macro   0x0000000000002748     0xb953 ./Core/Src/main.o
 .debug_macro   0x000000000000e09b       0x6d ./Core/Src/main.o
 .debug_macro   0x000000000000e108     0x367e ./Core/Src/main.o
 .debug_macro   0x0000000000011786      0x174 ./Core/Src/main.o
 .debug_macro   0x00000000000118fa       0x5c ./Core/Src/main.o
 .debug_macro   0x0000000000011956      0x447 ./Core/Src/main.o
 .debug_macro   0x0000000000011d9d      0x9fe ./Core/Src/main.o
 .debug_macro   0x000000000001279b      0x115 ./Core/Src/main.o
 .debug_macro   0x00000000000128b0      0x11b ./Core/Src/main.o
 .debug_macro   0x00000000000129cb       0xa5 ./Core/Src/main.o
 .debug_macro   0x0000000000012a70      0x15f ./Core/Src/main.o
 .debug_macro   0x0000000000012bcf      0x287 ./Core/Src/main.o
 .debug_macro   0x0000000000012e56       0x5f ./Core/Src/main.o
 .debug_macro   0x0000000000012eb5      0x236 ./Core/Src/main.o
 .debug_macro   0x00000000000130eb      0x132 ./Core/Src/main.o
 .debug_macro   0x000000000001321d      0x264 ./Core/Src/main.o
 .debug_macro   0x0000000000013481       0x2e ./Core/Src/main.o
 .debug_macro   0x00000000000134af      0x11a ./Core/Src/main.o
 .debug_macro   0x00000000000135c9       0x85 ./Core/Src/main.o
 .debug_macro   0x000000000001364e       0x89 ./Core/Src/main.o
 .debug_macro   0x00000000000136d7      0x126 ./Core/Src/main.o
 .debug_macro   0x00000000000137fd      0x178 ./Core/Src/main.o
 .debug_macro   0x0000000000013975       0x22 ./Core/Src/main.o
 .debug_macro   0x0000000000013997       0x52 ./Core/Src/main.o
 .debug_macro   0x00000000000139e9       0x1e ./Core/Src/main.o
 .debug_macro   0x0000000000013a07       0x3c ./Core/Src/main.o
 .debug_macro   0x0000000000013a43       0x34 ./Core/Src/main.o
 .debug_macro   0x0000000000013a77       0x16 ./Core/Src/main.o
 .debug_macro   0x0000000000013a8d       0x35 ./Core/Src/main.o
 .debug_macro   0x0000000000013ac2      0x341 ./Core/Src/main.o
 .debug_macro   0x0000000000013e03       0x10 ./Core/Src/main.o
 .debug_macro   0x0000000000013e13       0x16 ./Core/Src/main.o
 .debug_macro   0x0000000000013e29       0x43 ./Core/Src/main.o
 .debug_macro   0x0000000000013e6c       0x34 ./Core/Src/main.o
 .debug_macro   0x0000000000013ea0       0x10 ./Core/Src/main.o
 .debug_macro   0x0000000000013eb0       0x58 ./Core/Src/main.o
 .debug_macro   0x0000000000013f08       0x71 ./Core/Src/main.o
 .debug_macro   0x0000000000013f79       0x1c ./Core/Src/main.o
 .debug_macro   0x0000000000013f95      0x12a ./Core/Src/main.o
 .debug_macro   0x00000000000140bf       0x10 ./Core/Src/main.o
 .debug_macro   0x00000000000140cf       0x1c ./Core/Src/main.o
 .debug_macro   0x00000000000140eb       0x52 ./Core/Src/main.o
 .debug_macro   0x000000000001413d       0x22 ./Core/Src/main.o
 .debug_macro   0x000000000001415f       0x10 ./Core/Src/main.o
 .debug_macro   0x000000000001416f       0x52 ./Core/Src/main.o
 .debug_macro   0x00000000000141c1       0xd5 ./Core/Src/main.o
 .debug_macro   0x0000000000014296       0x1c ./Core/Src/main.o
 .debug_macro   0x00000000000142b2       0x3d ./Core/Src/main.o
 .debug_macro   0x00000000000142ef       0x16 ./Core/Src/main.o
 .debug_macro   0x0000000000014305      0x145 ./Core/Src/main.o
 .debug_macro   0x000000000001444a      0x1bf ./Core/Src/stm32f4xx_hal_msp.o
 .debug_macro   0x0000000000014609      0x1c9 ./Core/Src/stm32f4xx_it.o
 .debug_macro   0x00000000000147d2      0x1b0 ./Core/Src/system_stm32f4xx.o
 .debug_macro   0x0000000000014982      0x210 ./Drivers/STM32F4xx_HAL_Driver/Src/stm32f4xx_hal.o
 .debug_macro   0x0000000000014b92      0x1b0 ./Drivers/STM32F4xx_HAL_Driver/Src/stm32f4xx_hal_cortex.o
 .debug_macro   0x0000000000014d42      0x1d4 ./Drivers/STM32F4xx_HAL_Driver/Src/stm32f4xx_hal_rcc.o
 .debug_macro   0x0000000000014f16      0x1b0 ./Drivers/UserDrivers/Src/led.o
 .debug_macro   0x00000000000150c6      0x1c1 ./Drivers/UserDrivers/Src/variables.o
 .debug_macro   0x0000000000015287       0x97 ./Drivers/UserDrivers/Src/variables.o
 .debug_macro   0x000000000001531e       0xfd ./Drivers/UserDrivers/Src/variables.o

.debug_line     0x0000000000000000     0x4edc
 .debug_line    0x0000000000000000      0xa7e ./Core/Src/main.o
 .debug_line    0x0000000000000a7e      0x67b ./Core/Src/stm32f4xx_hal_msp.o
 .debug_line    0x00000000000010f9      0x73d ./Core/Src/stm32f4xx_it.o
 .debug_line    0x0000000000001836      0x6fc ./Core/Src/system_stm32f4xx.o
 .debug_line    0x0000000000001f32       0x88 ./Core/Startup/startup_stm32f411vetx.o
 .debug_line    0x0000000000001fba      0x962 ./Drivers/STM32F4xx_HAL_Driver/Src/stm32f4xx_hal.o
 .debug_line    0x000000000000291c      0xc11 ./Drivers/STM32F4xx_HAL_Driver/Src/stm32f4xx_hal_cortex.o
 .debug_line    0x000000000000352d      0xcde ./Drivers/STM32F4xx_HAL_Driver/Src/stm32f4xx_hal_rcc.o
 .debug_line    0x000000000000420b      0x748 ./Drivers/UserDrivers/Src/led.o
 .debug_line    0x0000000000004953      0x589 ./Drivers/UserDrivers/Src/variables.o

.debug_str      0x0000000000000000    0x83227
 .debug_str     0x0000000000000000    0x8203b ./Core/Src/main.o
                                      0x822d9 (size before relaxing)
 .debug_str     0x000000000008203b       0x49 ./Core/Src/stm32f4xx_hal_msp.o
                                      0x7e222 (size before relaxing)
 .debug_str     0x0000000000082084       0xc9 ./Core/Src/stm32f4xx_it.o
                                      0x7e179 (size before relaxing)
 .debug_str     0x000000000008214d       0xdb ./Core/Src/system_stm32f4xx.o
                                      0x7dca0 (size before relaxing)
 .debug_str     0x0000000000082228       0x36 ./Core/Startup/startup_stm32f411vetx.o
                                         0x54 (size before relaxing)
 .debug_str     0x000000000008225e      0x9ac ./Drivers/STM32F4xx_HAL_Driver/Src/stm32f4xx_hal.o
                                      0x7e6cc (size before relaxing)
 .debug_str     0x0000000000082c0a      0x365 ./Drivers/STM32F4xx_HAL_Driver/Src/stm32f4xx_hal_cortex.o
                                      0x7e3ed (size before relaxing)
 .debug_str     0x0000000000082f6f      0x233 ./Drivers/STM32F4xx_HAL_Driver/Src/stm32f4xx_hal_rcc.o
                                      0x7e0d4 (size before relaxing)
 .debug_str     0x00000000000831a2       0x4b ./Drivers/UserDrivers/Src/led.o
                                      0x7e0fa (size before relaxing)
 .debug_str     0x00000000000831ed       0x3a ./Drivers/UserDrivers/Src/variables.o
                                       0x7cbb (size before relaxing)

.comment        0x0000000000000000       0x50
 .comment       0x0000000000000000       0x50 ./Core/Src/main.o
                                         0x51 (size before relaxing)
 .comment       0x0000000000000050       0x51 ./Core/Src/stm32f4xx_hal_msp.o
 .comment       0x0000000000000050       0x51 ./Core/Src/stm32f4xx_it.o
 .comment       0x0000000000000050       0x51 ./Core/Src/system_stm32f4xx.o
 .comment       0x0000000000000050       0x51 ./Drivers/STM32F4xx_HAL_Driver/Src/stm32f4xx_hal.o
 .comment       0x0000000000000050       0x51 ./Drivers/STM32F4xx_HAL_Driver/Src/stm32f4xx_hal_cortex.o
 .comment       0x0000000000000050       0x51 ./Drivers/STM32F4xx_HAL_Driver/Src/stm32f4xx_hal_rcc.o
 .comment       0x0000000000000050       0x51 ./Drivers/UserDrivers/Src/led.o
 .comment       0x0000000000000050       0x51 ./Drivers/UserDrivers/Src/variables.o

.debug_frame    0x0000000000000000      0xe44
 .debug_frame   0x0000000000000000       0xf8 ./Core/Src/main.o
 .debug_frame   0x00000000000000f8       0x34 ./Core/Src/stm32f4xx_hal_msp.o
 .debug_frame   0x000000000000012c      0x104 ./Core/Src/stm32f4xx_it.o
 .debug_frame   0x0000000000000230       0x58 ./Core/Src/system_stm32f4xx.o
 .debug_frame   0x0000000000000288      0x374 ./Drivers/STM32F4xx_HAL_Driver/Src/stm32f4xx_hal.o
 .debug_frame   0x00000000000005fc      0x498 ./Drivers/STM32F4xx_HAL_Driver/Src/stm32f4xx_hal_cortex.o
 .debug_frame   0x0000000000000a94      0x1f4 ./Drivers/STM32F4xx_HAL_Driver/Src/stm32f4xx_hal_rcc.o
 .debug_frame   0x0000000000000c88       0xd8 ./Drivers/UserDrivers/Src/led.o
 .debug_frame   0x0000000000000d60       0x38 ./Drivers/UserDrivers/Src/variables.o
 .debug_frame   0x0000000000000d98       0x2c c:/st/stm32cubeide_1.12.0/stm32cubeide/plugins/com.st.stm32cube.ide.mcu.externaltools.gnu-tools-for-stm32.10.3-2021.10.win32_1.0.200.202301161003/tools/bin/../lib/gcc/arm-none-eabi/10.3.1/../../../../arm-none-eabi/lib/thumb/v7e-m+fp/hard\libc_nano.a(lib_a-init.o)
 .debug_frame   0x0000000000000dc4       0x20 c:/st/stm32cubeide_1.12.0/stm32cubeide/plugins/com.st.stm32cube.ide.mcu.externaltools.gnu-tools-for-stm32.10.3-2021.10.win32_1.0.200.202301161003/tools/bin/../lib/gcc/arm-none-eabi/10.3.1/../../../../arm-none-eabi/lib/thumb/v7e-m+fp/hard\libc_nano.a(lib_a-memset.o)
 .debug_frame   0x0000000000000de4       0x2c c:/st/stm32cubeide_1.12.0/stm32cubeide/plugins/com.st.stm32cube.ide.mcu.externaltools.gnu-tools-for-stm32.10.3-2021.10.win32_1.0.200.202301161003/tools/bin/../lib/gcc/arm-none-eabi/10.3.1/thumb/v7e-m+fp/hard\libgcc.a(_aeabi_uldivmod.o)
 .debug_frame   0x0000000000000e10       0x34 c:/st/stm32cubeide_1.12.0/stm32cubeide/plugins/com.st.stm32cube.ide.mcu.externaltools.gnu-tools-for-stm32.10.3-2021.10.win32_1.0.200.202301161003/tools/bin/../lib/gcc/arm-none-eabi/10.3.1/thumb/v7e-m+fp/hard\libgcc.a(_udivmoddi4.o)
